Microchip MPLAB XC8 Compiler V1.45 ()

Linker command line:

-W-3 --edf=C:\Program Files (x86)\Microchip\xc8\v1.45\dat\en_msgs.txt -cs \
  -h+dist/default/production\UART_transmitter.X.production.sym \
  --cmf=dist/default/production\UART_transmitter.X.production.cmf -z \
  -Q18F4550 -oC:\Users\MICHAEL\AppData\Local\Temp\s9lc.2 \
  -Mdist/default/production/UART_transmitter.X.production.map -E1 -ver=XC8 \
  -ASTACK=0C4h-07ffh -pstack=STACK -ACODE=00h-07FFFh -ACONST=00h-07FFFh \
  -ASMALLCONST=0800h-08FFhx120 -AMEDIUMCONST=0800h-07FFFh -ACOMRAM=01h-05Fh \
  -AABS1=00h-07FFh -ABIGRAM=01h-07FFh -ARAM=060h-0FFh,0100h-01FFhx7 \
  -ABANK0=060h-0FFh -ABANK1=0100h-01FFh -ABANK2=0200h-02FFh \
  -ABANK3=0300h-03FFh -ABANK4=0400h-04FFh -ABANK5=0500h-05FFh \
  -ABANK6=0600h-06FFh -ABANK7=0700h-07FFh -ASFR=0F60h-0FFFh \
  -preset_vec=00h,intcode=08h,intcodelo,powerup,init -pramtop=0800h \
  -psmallconst=SMALLCONST -pmediumconst=MEDIUMCONST -pconst=CONST \
  -AFARRAM=00h-00h -ACONFIG=0300000h-030000Dh -pconfig=CONFIG \
  -AIDLOC=0200000h-0200007h -pidloc=IDLOC -AEEDATA=0F00000h-0F000FFh \
  -peeprom_data=EEDATA \
  -prdata=COMRAM,nvrram=COMRAM,nvbit=COMRAM,rbss=COMRAM,rbit=COMRAM \
  -pfarbss=FARRAM,fardata=FARRAM,nvFARRAM=FARRAM \
  -pintsave_regs=BIGRAM,bigbss=BIGRAM,bigdata=BIGRAM -pbss=RAM \
  -pidata=CODE,irdata=CODE,ibigdata=CODE,ifardata=CODE -prparam=COMRAM \
  C:\Users\MICHAEL\AppData\Local\Temp\s9lc.obj \
  dist/default/production\UART_transmitter.X.production.obj 

Object code version is 3.11

Machine type is 18F4550

Call graph: (short form)




                Name                               Link     Load   Length Selector   Space Scale
C:\Users\MICHAEL\AppData\Local\Temp\s9lc.obj
                init                                  E        E        4        4       0
                reset_vec                             0        0        4        0       0
                idloc                            200000   200000        8   200000       0
                config                           300000   300000        E   300000       0
dist/default/production\UART_transmitter.X.production.obj
                intcode                               8        8        6        4       0
                temp                                 31       31        1        1       1
                smallconst                          800      800       3C      400       0
                text16                             1050     1050        6      41E       0
                text15                             1024     1024        C      41E       0
                intcode_body                        CEA      CEA       D8      41E       0
                text13                             1042     1042        8      41E       0
                text12                              F4C      F4C       36      41E       0
                text11                              FF6      FF6       1C      41E       0
                text10                              F82      F82       2E      41E       0
                text9                               FDA      FDA       1C      41E       0
                text8                               FB0      FB0       2A      41E       0
                text7                               F14      F14       38      41E       0
                text6                              103A     103A        8      41E       0
                text5                               E4C      E4C       50      41E       0
                text4                               83C      83C      4AE      41E       0
                text3                              1012     1012       12      41E       0
                text2                              1030     1030        A      41E       0
                text1                               EDA      EDA       3A      41E       0
                text0                               DC2      DC2       8A      41E       0
                cstackCOMRAM                          1        1       2A        1       1
                bssBANK0                             60       60       64       60       1
                dataCOMRAM                           2B       2B        6        1       1
                cinit                               E9C      E9C       3E      41E       0
                idataCOMRAM                        104A     104A        6      41E       0

TOTAL           Name                               Link     Load   Length     Space
        CLASS   STACK          

        CLASS   CODE           
                intcode                               8        8        6         0
                init                                  E        E        4         0
                reset_vec                             0        0        4         0
                text16                             1050     1050        6         0
                text15                             1024     1024        C         0
                intcode_body                        CEA      CEA       D8         0
                text13                             1042     1042        8         0
                text12                              F4C      F4C       36         0
                text11                              FF6      FF6       1C         0
                text10                              F82      F82       2E         0
                text9                               FDA      FDA       1C         0
                text8                               FB0      FB0       2A         0
                text7                               F14      F14       38         0
                text6                              103A     103A        8         0
                text5                               E4C      E4C       50         0
                text4                               83C      83C      4AE         0
                text3                              1012     1012       12         0
                text2                              1030     1030        A         0
                text1                               EDA      EDA       3A         0
                text0                               DC2      DC2       8A         0
                cinit                               E9C      E9C       3E         0
                idataCOMRAM                        104A     104A        6         0

        CLASS   CONST          

        CLASS   SMALLCONST     
                smallconst                          800      800       3C         0

        CLASS   MEDIUMCONST    

        CLASS   COMRAM         
                temp                                 31       31        1         1
                cstackCOMRAM                          1        1       2A         1
                dataCOMRAM                           2B       2B        6         1

        CLASS   ABS1           

        CLASS   BIGRAM         

        CLASS   RAM            

        CLASS   BANK0          
                bssBANK0                             60       60       64         1

        CLASS   BANK1          

        CLASS   BANK2          

        CLASS   BANK3          

        CLASS   BANK4          

        CLASS   BANK5          

        CLASS   BANK6          

        CLASS   BANK7          

        CLASS   SFR            

        CLASS   FARRAM         

        CLASS   CONFIG         
                config                           300000   300000        E         0

        CLASS   IDLOC          
                idloc                            200000   200000        8         0

        CLASS   EEDATA         



SEGMENTS        Name                           Load    Length   Top    Selector   Space  Class

                reset_vec                      000000  000004  000004         0       0  CODE    
                cstackCOMRAM                   000001  000031  000032         1       1  COMRAM  
                intcode                        000008  00000A  000012         4       0  CODE    
                bssBANK0                       000060  000064  0000C4        60       1  BANK0   
                smallconst                     000800  00003C  00083C       400       0  SMALLCON
                text4                          00083C  00081A  001056       41E       0  CODE    
                idloc                          200000  000008  200008    200000       0  IDLOC   
                config                         300000  00000E  30000E    300000       0  CONFIG  


UNUSED ADDRESS RANGES

        Name                Unused          Largest block    Delta
        BANK0            0000C4-0000FF               3C
        BANK1            000100-0001FF              100
        BANK2            000200-0002FF              100
        BANK3            000300-0003FF              100
        BANK4            000400-0004FF              100
        BANK5            000500-0005FF              100
        BANK6            000600-0006FF              100
        BANK7            000700-0007FF              100
        BIGRAM           000032-00005F               2E
                         0000C4-0007FF              73C
        CODE             000004-000007                4
                         000012-0007FF              7EE
                         001056-007FFF             6FAA
        COMRAM           000032-00005F               2E
        CONST            000004-000007                4
                         000012-0007FF              7EE
                         001056-007FFF             6FAA
        EEDATA           F00000-F000FF              100
        MEDIUMCONST      001056-007FFF             6FAA
        RAM              0000C4-0007FF              100
        SFR              000F60-000FFF               A0
        SMALLCONST       001056-007FFF              100
        STACK            0000C4-0007FF              73C

                                  Symbol Table

ISR@i                    cstackCOMRAM 000015
LCD_Char@dat             cstackCOMRAM 00001D
LCD_Command@cmd          cstackCOMRAM 00001D
LCD_String@msg           cstackCOMRAM 00001E
LCD_String_xy@location   cstackCOMRAM 000024
LCD_String_xy@msg        cstackCOMRAM 000021
LCD_String_xy@pos        cstackCOMRAM 000020
LCD_String_xy@row        cstackCOMRAM 000023
MSdelay@i                cstackCOMRAM 000019
MSdelay@j                cstackCOMRAM 00001B
MSdelay@val              cstackCOMRAM 000017
_BRGH                    (abs)        007D62
_Data                    bssBANK0     000060
_FOSC                    text13       001042
_GIE                     (abs)        007F97
_IRCF0                   (abs)        007E9C
_IRCF1                   (abs)        007E9D
_IRCF2                   (abs)        007E9E
_ISR                     intcode      000008
_LATAbits                (abs)        000F89
_LATC0                   (abs)        007C58
_LATC1                   (abs)        007C59
_LATD                    (abs)        000F8C
_LCD_Char                text9        000FDA
_LCD_Clear               text6        00103A
_LCD_Command             text11       000FF6
_LCD_Init                text10       000F82
_LCD_String              text8        000FB0
_LCD_String_xy           text7        000F14
_MSdelay                 text12       000F4C
_PORTAbits               (abs)        000F80
_PORTBbits               (abs)        000F81
_PORTDbits               (abs)        000F83
_RBIE                    (abs)        007F93
_RBIF                    (abs)        007F90
_RBIP                    (abs)        007F88
_SPBRG                   (abs)        000FAF
_SPEN                    (abs)        007D5F
_SYNC                    (abs)        007D64
_TRISAbits               (abs)        000F92
_TRISBbits               (abs)        000F93
_TRISC                   (abs)        000F94
_TRISCbits               (abs)        000F94
_TRISD                   (abs)        000F95
_TRISDbits               (abs)        000F95
_TRMT                    (abs)        007D61
_TXEN                    (abs)        007D65
_TXREG                   (abs)        000FAD
__CFG_BOR$ON             (abs)        000000
__CFG_BORV$3             (abs)        000000
__CFG_CCP2MX$ON          (abs)        000000
__CFG_CP0$OFF            (abs)        000000
__CFG_CP1$OFF            (abs)        000000
__CFG_CP2$OFF            (abs)        000000
__CFG_CP3$OFF            (abs)        000000
__CFG_CPB$OFF            (abs)        000000
__CFG_CPD$OFF            (abs)        000000
__CFG_CPUDIV$OSC1_PLL2   (abs)        000000
__CFG_EBTR0$OFF          (abs)        000000
__CFG_EBTR1$OFF          (abs)        000000
__CFG_EBTR2$OFF          (abs)        000000
__CFG_EBTR3$OFF          (abs)        000000
__CFG_EBTRB$OFF          (abs)        000000
__CFG_FCMEN$OFF          (abs)        000000
__CFG_FOSC$INTOSC_EC     (abs)        000000
__CFG_ICPRT$OFF          (abs)        000000
__CFG_IESO$OFF           (abs)        000000
__CFG_LPT1OSC$OFF        (abs)        000000
__CFG_LVP$OFF            (abs)        000000
__CFG_MCLRE$OFF          (abs)        000000
__CFG_PBADEN$OFF         (abs)        000000
__CFG_PLLDIV$1           (abs)        000000
__CFG_PWRT$OFF           (abs)        000000
__CFG_STVREN$ON          (abs)        000000
__CFG_USBDIV$1           (abs)        000000
__CFG_VREGEN$OFF         (abs)        000000
__CFG_WDT$OFF            (abs)        000000
__CFG_WDTPS$32768        (abs)        000000
__CFG_WRT0$OFF           (abs)        000000
__CFG_WRT1$OFF           (abs)        000000
__CFG_WRT2$OFF           (abs)        000000
__CFG_WRT3$OFF           (abs)        000000
__CFG_WRTB$OFF           (abs)        000000
__CFG_WRTC$OFF           (abs)        000000
__CFG_WRTD$OFF           (abs)        000000
__CFG_XINST$OFF          (abs)        000000
__HRAM                   (abs)        000000
__Habs1                  abs1         000000
__Hbank0                 bank0        000000
__Hbank1                 bank1        000000
__Hbank2                 bank2        000000
__Hbank3                 bank3        000000
__Hbank4                 bank4        000000
__Hbank5                 bank5        000000
__Hbank6                 bank6        000000
__Hbank7                 bank7        000000
__Hbigbss                bigbss       000000
__Hbigdata               bigdata      000000
__Hbigram                bigram       000000
__Hbss                   bss          000000
__HbssBANK0              bssBANK0     000000
__Hcinit                 cinit        000000
__Hclrtext               clrtext      000000
__Hcomram                comram       000000
__Hconfig                config       30000E
__Hconst                 const        000000
__HcstackCOMRAM          cstackCOMRAM 000000
__Hdata                  data         000000
__HdataCOMRAM            dataCOMRAM   000000
__Heeprom_data           eeprom_data  000000
__Hfarbss                farbss       000000
__Hfardata               fardata      000000
__Hibigdata              ibigdata     000000
__Hidata                 idata        000000
__HidataCOMRAM           idataCOMRAM  000000
__Hidloc                 idloc        200008
__Hifardata              ifardata     000000
__Hinit                  init         000012
__Hintcode               intcode      00000E
__Hintcode_body          intcode_body 000000
__Hintcodelo             intcodelo    00000E
__Hintentry              intentry     000000
__Hintret                intret       000000
__Hintsave_regs          intsave_regs 000000
__Hirdata                irdata       000000
__Hmediumconst           mediumconst  000000
__HnvFARRAM              nvFARRAM     000000
__Hnvbit                 nvbit        000000
__Hnvrram                nvrram       000000
__Hparam                 rparam       000000
__Hpowerup               powerup      00000E
__Hram                   ram          000000
__Hramtop                ramtop       000800
__Hrbit                  rbit         000000
__Hrbss                  rbss         000000
__Hrdata                 rdata        000000
__Hreset_vec             reset_vec    000004
__Hrparam                rparam       000000
__Hsfr                   sfr          000000
__Hsmallconst            smallconst   00083C
__Hspace_0               (abs)        30000E
__Hspace_1               (abs)        0000C4
__Hspace_2               (abs)        000000
__Hstack                 stack        000000
__Hstruct                struct       000000
__Htemp                  temp         000032
__Htext                  text         000000
__Htext0                 text0        000000
__Htext1                 text1        000000
__Htext10                text10       000000
__Htext11                text11       000000
__Htext12                text12       000000
__Htext13                text13       000000
__Htext15                text15       000000
__Htext16                text16       000000
__Htext2                 text2        000000
__Htext3                 text3        000000
__Htext4                 text4        000000
__Htext5                 text5        000000
__Htext6                 text6        000000
__Htext7                 text7        000000
__Htext8                 text8        000000
__Htext9                 text9        000000
__LRAM                   (abs)        000001
__Labs1                  abs1         000000
__Lbank0                 bank0        000000
__Lbank1                 bank1        000000
__Lbank2                 bank2        000000
__Lbank3                 bank3        000000
__Lbank4                 bank4        000000
__Lbank5                 bank5        000000
__Lbank6                 bank6        000000
__Lbank7                 bank7        000000
__Lbigbss                bigbss       000000
__Lbigdata               bigdata      000000
__Lbigram                bigram       000000
__Lbss                   bss          000000
__LbssBANK0              bssBANK0     000000
__Lcinit                 cinit        000000
__Lclrtext               clrtext      000000
__Lcomram                comram       000000
__Lconfig                config       300000
__Lconst                 const        000000
__LcstackCOMRAM          cstackCOMRAM 000000
__Ldata                  data         000000
__LdataCOMRAM            dataCOMRAM   000000
__Leeprom_data           eeprom_data  000000
__Lfarbss                farbss       000000
__Lfardata               fardata      000000
__Libigdata              ibigdata     000000
__Lidata                 idata        000000
__LidataCOMRAM           idataCOMRAM  000000
__Lidloc                 idloc        200000
__Lifardata              ifardata     000000
__Linit                  init         00000E
__Lintcode               intcode      000008
__Lintcode_body          intcode_body 000000
__Lintcodelo             intcodelo    00000E
__Lintentry              intentry     000000
__Lintret                intret       000000
__Lintsave_regs          intsave_regs 000000
__Lirdata                irdata       000000
__Lmediumconst           mediumconst  000000
__LnvFARRAM              nvFARRAM     000000
__Lnvbit                 nvbit        000000
__Lnvrram                nvrram       000000
__Lparam                 rparam       000000
__Lpowerup               powerup      00000E
__Lram                   ram          000000
__Lramtop                ramtop       000800
__Lrbit                  rbit         000000
__Lrbss                  rbss         000000
__Lrdata                 rdata        000000
__Lreset_vec             reset_vec    000000
__Lrparam                rparam       000000
__Lsfr                   sfr          000000
__Lsmallconst            smallconst   000800
__Lspace_0               (abs)        000000
__Lspace_1               (abs)        000000
__Lspace_2               (abs)        000000
__Lstack                 stack        000000
__Lstruct                struct       000000
__Ltemp                  temp         000031
__Ltext                  text         000000
__Ltext0                 text0        000000
__Ltext1                 text1        000000
__Ltext10                text10       000000
__Ltext11                text11       000000
__Ltext12                text12       000000
__Ltext13                text13       000000
__Ltext15                text15       000000
__Ltext16                text16       000000
__Ltext2                 text2        000000
__Ltext3                 text3        000000
__Ltext4                 text4        000000
__Ltext5                 text5        000000
__Ltext6                 text6        000000
__Ltext7                 text7        000000
__Ltext8                 text8        000000
__Ltext9                 text9        000000
__S0                     (abs)        30000E
__S1                     (abs)        0000C4
__S2                     (abs)        000000
___inthi_sp              stack        000000
___intlo_sp              stack        000000
___param_bank            (abs)        000000
___rparam_used           (abs)        000001
___sp                    stack        000000
__accesstop              (abs)        000060
__activetblptr           (abs)        000001
__end_of_FOSC            text13       00104A
__end_of_ISR             intcode_body 000DC2
__end_of_LCD_Char        text9        000FF6
__end_of_LCD_Clear       text6        001042
__end_of_LCD_Command     text11       001012
__end_of_LCD_Init        text10       000FB0
__end_of_LCD_String      text8        000FDA
__end_of_LCD_String_xy   text7        000F4C
__end_of_MSdelay         text12       000F82
__end_of__initialization cinit        000EC8
__end_of_getKey          text4        000CEA
__end_of_initUART_tx     text3        001024
__end_of_main            text0        000E4C
__end_of_reset           text16       001056
__end_of_screenFormat    text5        000E9C
__end_of_setupInterrupt  text2        00103A
__end_of_setupPort       text1        000F14
__end_of_writeUART       text15       001030
__initialization         cinit        000E9C
__mediumconst            mediumconst  000000
__pbssBANK0              bssBANK0     000060
__pcinit                 cinit        000E9C
__pcstackCOMRAM          cstackCOMRAM 000001
__pdataCOMRAM            dataCOMRAM   00002B
__pidataCOMRAM           idataCOMRAM  00104A
__pintcode               intcode      000008
__pintcode_body          intcode_body 000CEA
__psmallconst            smallconst   000800
__ptext0                 text0        000DC2
__ptext1                 text1        000EDA
__ptext10                text10       000F82
__ptext11                text11       000FF6
__ptext12                text12       000F4C
__ptext13                text13       001042
__ptext15                text15       001024
__ptext16                text16       001050
__ptext2                 text2        001030
__ptext3                 text3        001012
__ptext4                 text4        00083C
__ptext5                 text5        000E4C
__ptext6                 text6        00103A
__ptext7                 text7        000F14
__ptext8                 text8        000FB0
__ptext9                 text9        000FDA
__ramtop                 ramtop       000800
__size_of_FOSC           (abs)        000000
__size_of_ISR            (abs)        000000
__size_of_LCD_Char       (abs)        000000
__size_of_LCD_Clear      (abs)        000000
__size_of_LCD_Command    (abs)        000000
__size_of_LCD_Init       (abs)        000000
__size_of_LCD_String     (abs)        000000
__size_of_LCD_String_xy  (abs)        000000
__size_of_MSdelay        (abs)        000000
__size_of_getKey         (abs)        000000
__size_of_initUART_tx    (abs)        000000
__size_of_main           (abs)        000000
__size_of_reset          (abs)        000000
__size_of_screenFormat   (abs)        000000
__size_of_setupInterrupt (abs)        000000
__size_of_setupPort      (abs)        000000
__size_of_writeUART      (abs)        000000
__smallconst             smallconst   000800
_getKey                  text4        00083C
_index                   dataCOMRAM   00002F
_initUART_tx             text3        001012
_main                    text0        000DC2
_pos                     dataCOMRAM   00002D
_reset                   text16       001050
_row                     dataCOMRAM   00002B
_screenFormat            text5        000E4C
_setupInterrupt          text2        001030
_setupPort               text1        000EDA
_writeUART               text15       001024
btemp                    temp         000031
end_of_initialization    cinit        000EC8
getKey@val               cstackCOMRAM 000025
int$flags                temp         000031
int_func                 intcode_body 000CEA
intlevel0                text         000000
intlevel1                text         000000
intlevel2                text         000000
intlevel3                text         000000
stackhi                  (abs)        0007FF
stacklo                  (abs)        0000C4
start                    init         00000E
start_initialization     cinit        000E9C
writeUART@data           cstackCOMRAM 000001
wtemp6                   temp         000032


FUNCTION INFORMATION:

 *************** function _main *****************
 Defined at:
		line 54 in file "main.c"
 Parameters:    Size  Location     Type
		None
 Auto vars:     Size  Location     Type
		None
 Return value:  Size  Location     Type
                  1    wreg      void 
 Registers used:
		wreg, fsr2l, fsr2h, status,2, status,0, tblptrl, tblptrh, tblptru, cstack
 Tracked objects:
		On entry : 
		On exit  : 
		Unchanged: 
 Data sizes:     COMRAM   BANK0   BANK1   BANK2   BANK3   BANK4   BANK5   BANK6   BANK7
      Params:         0       0       0       0       0       0       0       0       0
      Locals:         0       0       0       0       0       0       0       0       0
      Temps:          2       0       0       0       0       0       0       0       0
      Totals:         2       0       0       0       0       0       0       0       0
Total ram usage:        2 bytes
 Hardware stack levels required when called:    7
 This function calls:
		_FOSC
		_LCD_Clear
		_LCD_Init
		_LCD_String_xy
		_getKey
		_initUART_tx
		_setupInterrupt
		_setupPort
 This function is called by:
		Startup code after reset
 This function uses a non-reentrant model


 *************** function _setupPort *****************
 Defined at:
		line 111 in file "main.c"
 Parameters:    Size  Location     Type
		None
 Auto vars:     Size  Location     Type
		None
 Return value:  Size  Location     Type
                  1    wreg      void 
 Registers used:
		None
 Tracked objects:
		On entry : 
		On exit  : 
		Unchanged: 
 Data sizes:     COMRAM   BANK0   BANK1   BANK2   BANK3   BANK4   BANK5   BANK6   BANK7
      Params:         0       0       0       0       0       0       0       0       0
      Locals:         0       0       0       0       0       0       0       0       0
      Temps:          0       0       0       0       0       0       0       0       0
      Totals:         0       0       0       0       0       0       0       0       0
Total ram usage:        0 bytes
 Hardware stack levels used:    1
 Hardware stack levels required when called:    2
 This function calls:
		Nothing
 This function is called by:
		_main
 This function uses a non-reentrant model


 *************** function _setupInterrupt *****************
 Defined at:
		line 390 in file "main.c"
 Parameters:    Size  Location     Type
		None
 Auto vars:     Size  Location     Type
		None
 Return value:  Size  Location     Type
                  1    wreg      void 
 Registers used:
		None
 Tracked objects:
		On entry : 
		On exit  : 
		Unchanged: 
 Data sizes:     COMRAM   BANK0   BANK1   BANK2   BANK3   BANK4   BANK5   BANK6   BANK7
      Params:         0       0       0       0       0       0       0       0       0
      Locals:         0       0       0       0       0       0       0       0       0
      Temps:          0       0       0       0       0       0       0       0       0
      Totals:         0       0       0       0       0       0       0       0       0
Total ram usage:        0 bytes
 Hardware stack levels used:    1
 Hardware stack levels required when called:    2
 This function calls:
		Nothing
 This function is called by:
		_main
 This function uses a non-reentrant model


 *************** function _initUART_tx *****************
 Defined at:
		line 79 in file "main.c"
 Parameters:    Size  Location     Type
		None
 Auto vars:     Size  Location     Type
		None
 Return value:  Size  Location     Type
                  1    wreg      void 
 Registers used:
		wreg, status,2
 Tracked objects:
		On entry : 
		On exit  : 
		Unchanged: 
 Data sizes:     COMRAM   BANK0   BANK1   BANK2   BANK3   BANK4   BANK5   BANK6   BANK7
      Params:         0       0       0       0       0       0       0       0       0
      Locals:         0       0       0       0       0       0       0       0       0
      Temps:          0       0       0       0       0       0       0       0       0
      Totals:         0       0       0       0       0       0       0       0       0
Total ram usage:        0 bytes
 Hardware stack levels used:    1
 Hardware stack levels required when called:    2
 This function calls:
		Nothing
 This function is called by:
		_main
 This function uses a non-reentrant model


 *************** function _getKey *****************
 Defined at:
		line 216 in file "main.c"
 Parameters:    Size  Location     Type
  val             2   36[COMRAM] PTR unsigned char 
		 -> Data(100), 
 Auto vars:     Size  Location     Type
		None
 Return value:  Size  Location     Type
                  1    wreg      void 
 Registers used:
		wreg, fsr2l, fsr2h, status,2, status,0, tblptrl, tblptrh, tblptru, cstack
 Tracked objects:
		On entry : 
		On exit  : 
		Unchanged: 
 Data sizes:     COMRAM   BANK0   BANK1   BANK2   BANK3   BANK4   BANK5   BANK6   BANK7
      Params:         2       0       0       0       0       0       0       0       0
      Locals:         0       0       0       0       0       0       0       0       0
      Temps:          2       0       0       0       0       0       0       0       0
      Totals:         4       0       0       0       0       0       0       0       0
Total ram usage:        4 bytes
 Hardware stack levels used:    1
 Hardware stack levels required when called:    6
 This function calls:
		_LCD_String_xy
		_screenFormat
 This function is called by:
		_main
 This function uses a non-reentrant model


 *************** function _screenFormat *****************
 Defined at:
		line 377 in file "main.c"
 Parameters:    Size  Location     Type
		None
 Auto vars:     Size  Location     Type
		None
 Return value:  Size  Location     Type
                  1    wreg      void 
 Registers used:
		wreg, status,2, status,0, cstack
 Tracked objects:
		On entry : 
		On exit  : 
		Unchanged: 
 Data sizes:     COMRAM   BANK0   BANK1   BANK2   BANK3   BANK4   BANK5   BANK6   BANK7
      Params:         0       0       0       0       0       0       0       0       0
      Locals:         0       0       0       0       0       0       0       0       0
      Temps:          0       0       0       0       0       0       0       0       0
      Totals:         0       0       0       0       0       0       0       0       0
Total ram usage:        0 bytes
 Hardware stack levels used:    1
 Hardware stack levels required when called:    5
 This function calls:
		_LCD_Clear
 This function is called by:
		_getKey
 This function uses a non-reentrant model


 *************** function _LCD_Clear *****************
 Defined at:
		line 159 in file "main.c"
 Parameters:    Size  Location     Type
		None
 Auto vars:     Size  Location     Type
		None
 Return value:  Size  Location     Type
                  1    wreg      void 
 Registers used:
		wreg, status,2, status,0, cstack
 Tracked objects:
		On entry : 
		On exit  : 
		Unchanged: 
 Data sizes:     COMRAM   BANK0   BANK1   BANK2   BANK3   BANK4   BANK5   BANK6   BANK7
      Params:         0       0       0       0       0       0       0       0       0
      Locals:         0       0       0       0       0       0       0       0       0
      Temps:          0       0       0       0       0       0       0       0       0
      Totals:         0       0       0       0       0       0       0       0       0
Total ram usage:        0 bytes
 Hardware stack levels used:    1
 Hardware stack levels required when called:    4
 This function calls:
		_LCD_Command
 This function is called by:
		_main
		_screenFormat
 This function uses a non-reentrant model


 *************** function _LCD_String_xy *****************
 Defined at:
		line 193 in file "main.c"
 Parameters:    Size  Location     Type
  row             1    wreg     unsigned char 
  pos             1   31[COMRAM] unsigned char 
  msg             2   32[COMRAM] PTR const unsigned char 
		 -> STR_18(2), STR_17(2), STR_16(2), STR_15(2), 
		 -> STR_14(2), STR_13(2), STR_12(2), STR_11(2), 
		 -> STR_10(2), STR_9(2), STR_8(2), STR_7(2), 
		 -> STR_6(2), STR_5(2), STR_4(2), STR_3(2), 
		 -> STR_2(9), STR_1(16), 
 Auto vars:     Size  Location     Type
  row             1   34[COMRAM] unsigned char 
  location        1   35[COMRAM] unsigned char 
 Return value:  Size  Location     Type
                  1    wreg      void 
 Registers used:
		wreg, status,2, status,0, tblptrl, tblptrh, tblptru, cstack
 Tracked objects:
		On entry : 
		On exit  : 
		Unchanged: 
 Data sizes:     COMRAM   BANK0   BANK1   BANK2   BANK3   BANK4   BANK5   BANK6   BANK7
      Params:         3       0       0       0       0       0       0       0       0
      Locals:         2       0       0       0       0       0       0       0       0
      Temps:          0       0       0       0       0       0       0       0       0
      Totals:         5       0       0       0       0       0       0       0       0
Total ram usage:        5 bytes
 Hardware stack levels used:    1
 Hardware stack levels required when called:    5
 This function calls:
		_LCD_Command
		_LCD_String
 This function is called by:
		_main
		_getKey
 This function uses a non-reentrant model


 *************** function _LCD_String *****************
 Defined at:
		line 184 in file "main.c"
 Parameters:    Size  Location     Type
  msg             2   29[COMRAM] PTR const unsigned char 
		 -> STR_18(2), STR_17(2), STR_16(2), STR_15(2), 
		 -> STR_14(2), STR_13(2), STR_12(2), STR_11(2), 
		 -> STR_10(2), STR_9(2), STR_8(2), STR_7(2), 
		 -> STR_6(2), STR_5(2), STR_4(2), STR_3(2), 
		 -> STR_2(9), STR_1(16), 
 Auto vars:     Size  Location     Type
		None
 Return value:  Size  Location     Type
                  1    wreg      void 
 Registers used:
		wreg, status,2, status,0, tblptrl, tblptrh, tblptru, cstack
 Tracked objects:
		On entry : 
		On exit  : 
		Unchanged: 
 Data sizes:     COMRAM   BANK0   BANK1   BANK2   BANK3   BANK4   BANK5   BANK6   BANK7
      Params:         2       0       0       0       0       0       0       0       0
      Locals:         0       0       0       0       0       0       0       0       0
      Temps:          0       0       0       0       0       0       0       0       0
      Totals:         2       0       0       0       0       0       0       0       0
Total ram usage:        2 bytes
 Hardware stack levels used:    1
 Hardware stack levels required when called:    4
 This function calls:
		_LCD_Char
 This function is called by:
		_LCD_String_xy
 This function uses a non-reentrant model


 *************** function _LCD_Char *****************
 Defined at:
		line 174 in file "main.c"
 Parameters:    Size  Location     Type
  dat             1    wreg     unsigned char 
 Auto vars:     Size  Location     Type
  dat             1   28[COMRAM] unsigned char 
 Return value:  Size  Location     Type
                  1    wreg      void 
 Registers used:
		wreg, status,2, status,0, cstack
 Tracked objects:
		On entry : 
		On exit  : 
		Unchanged: 
 Data sizes:     COMRAM   BANK0   BANK1   BANK2   BANK3   BANK4   BANK5   BANK6   BANK7
      Params:         0       0       0       0       0       0       0       0       0
      Locals:         1       0       0       0       0       0       0       0       0
      Temps:          0       0       0       0       0       0       0       0       0
      Totals:         1       0       0       0       0       0       0       0       0
Total ram usage:        1 bytes
 Hardware stack levels used:    1
 Hardware stack levels required when called:    3
 This function calls:
		_MSdelay
 This function is called by:
		_LCD_String
 This function uses a non-reentrant model


 *************** function _LCD_Init *****************
 Defined at:
		line 148 in file "main.c"
 Parameters:    Size  Location     Type
		None
 Auto vars:     Size  Location     Type
		None
 Return value:  Size  Location     Type
                  1    wreg      void 
 Registers used:
		wreg, status,2, status,0, cstack
 Tracked objects:
		On entry : 
		On exit  : 
		Unchanged: 
 Data sizes:     COMRAM   BANK0   BANK1   BANK2   BANK3   BANK4   BANK5   BANK6   BANK7
      Params:         0       0       0       0       0       0       0       0       0
      Locals:         0       0       0       0       0       0       0       0       0
      Temps:          0       0       0       0       0       0       0       0       0
      Totals:         0       0       0       0       0       0       0       0       0
Total ram usage:        0 bytes
 Hardware stack levels used:    1
 Hardware stack levels required when called:    4
 This function calls:
		_LCD_Command
		_MSdelay
 This function is called by:
		_main
 This function uses a non-reentrant model


 *************** function _LCD_Command *****************
 Defined at:
		line 164 in file "main.c"
 Parameters:    Size  Location     Type
  cmd             1    wreg     unsigned char 
 Auto vars:     Size  Location     Type
  cmd             1   28[COMRAM] unsigned char 
 Return value:  Size  Location     Type
                  1    wreg      void 
 Registers used:
		wreg, status,2, status,0, cstack
 Tracked objects:
		On entry : 
		On exit  : 
		Unchanged: 
 Data sizes:     COMRAM   BANK0   BANK1   BANK2   BANK3   BANK4   BANK5   BANK6   BANK7
      Params:         0       0       0       0       0       0       0       0       0
      Locals:         1       0       0       0       0       0       0       0       0
      Temps:          0       0       0       0       0       0       0       0       0
      Totals:         1       0       0       0       0       0       0       0       0
Total ram usage:        1 bytes
 Hardware stack levels used:    1
 Hardware stack levels required when called:    3
 This function calls:
		_MSdelay
 This function is called by:
		_LCD_Init
		_LCD_Clear
		_LCD_String_xy
 This function uses a non-reentrant model


 *************** function _MSdelay *****************
 Defined at:
		line 209 in file "main.c"
 Parameters:    Size  Location     Type
  val             2   22[COMRAM] unsigned int 
 Auto vars:     Size  Location     Type
  j               2   26[COMRAM] unsigned int 
  i               2   24[COMRAM] unsigned int 
 Return value:  Size  Location     Type
                  1    wreg      void 
 Registers used:
		wreg, status,2, status,0
 Tracked objects:
		On entry : 
		On exit  : 
		Unchanged: 
 Data sizes:     COMRAM   BANK0   BANK1   BANK2   BANK3   BANK4   BANK5   BANK6   BANK7
      Params:         2       0       0       0       0       0       0       0       0
      Locals:         4       0       0       0       0       0       0       0       0
      Temps:          0       0       0       0       0       0       0       0       0
      Totals:         6       0       0       0       0       0       0       0       0
Total ram usage:        6 bytes
 Hardware stack levels used:    1
 Hardware stack levels required when called:    2
 This function calls:
		Nothing
 This function is called by:
		_LCD_Init
		_LCD_Command
		_LCD_Char
 This function uses a non-reentrant model


 *************** function _FOSC *****************
 Defined at:
		line 93 in file "main.c"
 Parameters:    Size  Location     Type
		None
 Auto vars:     Size  Location     Type
		None
 Return value:  Size  Location     Type
                  1    wreg      void 
 Registers used:
		None
 Tracked objects:
		On entry : 
		On exit  : 
		Unchanged: 
 Data sizes:     COMRAM   BANK0   BANK1   BANK2   BANK3   BANK4   BANK5   BANK6   BANK7
      Params:         0       0       0       0       0       0       0       0       0
      Locals:         0       0       0       0       0       0       0       0       0
      Temps:          0       0       0       0       0       0       0       0       0
      Totals:         0       0       0       0       0       0       0       0       0
Total ram usage:        0 bytes
 Hardware stack levels used:    1
 Hardware stack levels required when called:    2
 This function calls:
		Nothing
 This function is called by:
		_main
 This function uses a non-reentrant model


 *************** function _ISR *****************
 Defined at:
		line 39 in file "main.c"
 Parameters:    Size  Location     Type
		None
 Auto vars:     Size  Location     Type
  i               2   20[COMRAM] int 
 Return value:  Size  Location     Type
                  1    wreg      void 
 Registers used:
		wreg, fsr2l, fsr2h, status,2, status,0, cstack
 Tracked objects:
		On entry : 
		On exit  : 
		Unchanged: 
 Data sizes:     COMRAM   BANK0   BANK1   BANK2   BANK3   BANK4   BANK5   BANK6   BANK7
      Params:         0       0       0       0       0       0       0       0       0
      Locals:         2       0       0       0       0       0       0       0       0
      Temps:         19       0       0       0       0       0       0       0       0
      Totals:        21       0       0       0       0       0       0       0       0
Total ram usage:       21 bytes
 Hardware stack levels used:    1
 Hardware stack levels required when called:    1
 This function calls:
		_reset
		_writeUART
 This function is called by:
		Interrupt level 2
 This function uses a non-reentrant model


 *************** function _writeUART *****************
 Defined at:
		line 101 in file "main.c"
 Parameters:    Size  Location     Type
  data            1    wreg     unsigned char 
 Auto vars:     Size  Location     Type
  data            1    0[COMRAM] unsigned char 
 Return value:  Size  Location     Type
                  1    wreg      void 
 Registers used:
		wreg
 Tracked objects:
		On entry : 
		On exit  : 
		Unchanged: 
 Data sizes:     COMRAM   BANK0   BANK1   BANK2   BANK3   BANK4   BANK5   BANK6   BANK7
      Params:         0       0       0       0       0       0       0       0       0
      Locals:         1       0       0       0       0       0       0       0       0
      Temps:          0       0       0       0       0       0       0       0       0
      Totals:         1       0       0       0       0       0       0       0       0
Total ram usage:        1 bytes
 Hardware stack levels used:    1
 This function calls:
		Nothing
 This function is called by:
		_ISR
 This function uses a non-reentrant model


 *************** function _reset *****************
 Defined at:
		line 399 in file "main.c"
 Parameters:    Size  Location     Type
		None
 Auto vars:     Size  Location     Type
		None
 Return value:  Size  Location     Type
                  1    wreg      void 
 Registers used:
		None
 Tracked objects:
		On entry : 
		On exit  : 
		Unchanged: 
 Data sizes:     COMRAM   BANK0   BANK1   BANK2   BANK3   BANK4   BANK5   BANK6   BANK7
      Params:         0       0       0       0       0       0       0       0       0
      Locals:         0       0       0       0       0       0       0       0       0
      Temps:          0       0       0       0       0       0       0       0       0
      Totals:         0       0       0       0       0       0       0       0       0
Total ram usage:        0 bytes
 Hardware stack levels used:    1
 This function calls:
		Nothing
 This function is called by:
		_ISR
 This function uses a non-reentrant model



MODULE INFORMATION

Module		Function		Class		Link	Load	Size
shared
		__initialization		CODE           	0E9C	0000	45

shared estimated size: 45

main.c
		_LCD_String    		CODE           	0FB0	0000	43
		_reset         		CODE           	1050	0000	7
		_LCD_Init      		CODE           	0F82	0000	47
		_LCD_Command   		CODE           	0FF6	0000	29
		_ISR           		CODE           	0008	0000	223
		_LCD_String_xy 		CODE           	0F14	0000	57
		_main          		CODE           	0DC2	0000	139
		_LCD_Char      		CODE           	0FDA	0000	29
		_screenFormat  		CODE           	0E4C	0000	81
		_initUART_tx   		CODE           	1012	0000	19
		_LCD_Clear     		CODE           	103A	0000	9
		_writeUART     		CODE           	1024	0000	13
		_setupPort     		CODE           	0EDA	0000	59
		_getKey        		CODE           	083C	0000	1199
		_FOSC          		CODE           	1042	0000	9
		_MSdelay       		CODE           	0F4C	0000	55
		_setupInterrupt		CODE           	1030	0000	11

main.c estimated size: 2029

